[36mvite v5.4.21 [32mbuilding for production...[36m[39m
transforming...
[32mΓ£ô[39m 2995 modules transformed.
rendering chunks...
computing gzip size...
[2mdist/[22m[32mindex.html                   [39m[1m[2m  0.91 kB[22m[1m[22m[2m Γöé gzip:   0.46 kB[22m
[2mdist/[22m[35massets/index-Ba0c_q3p.css    [39m[1m[2m 23.41 kB[22m[1m[22m[2m Γöé gzip:   4.80 kB[22m
[2mdist/[22m[36massets/vendor-DuCdqC-M.js    [39m[1m[2m 35.28 kB[22m[1m[22m[2m Γöé gzip:  12.45 kB[22m
[2mdist/[22m[36massets/framer-CaTj_imS.js    [39m[1m[2m126.63 kB[22m[1m[22m[2m Γöé gzip:  40.40 kB[22m
[2mdist/[22m[36massets/index-vzQvMi76.js     [39m[1m[2m253.51 kB[22m[1m[22m[2m Γöé gzip:  75.39 kB[22m
[2mdist/[22m[36massets/recharts-C7y5tyH1.js  [39m[1m[2m391.44 kB[22m[1m[22m[2m Γöé gzip: 100.90 kB[22m
[32mΓ£ô built in 28.77s[39m
